Microchip MPLAB XC8 Compiler V2.32

Linker command line:

-W-3 --edf=C:\Program Files\Microchip\xc8\v2.32\pic\dat\en_msgs.txt -cn \
  -h+dist/default/production\LAB2.X.production.sym \
  --cmf=dist/default/production\LAB2.X.production.cmf -z -Q16F887 \
  -oC:\Users\FERNAN~1\AppData\Local\Temp\xcAsjnk.4 --defsym=__MPLAB_BUILD=1 \
  -Mdist/default/production/LAB2.X.production.map -E1 -ver=XC8 Compiler \
  --acfsm=1493 -ASTACK=0110h-016Fh -pstack=STACK -ACODE=00h-07FFhx4 \
  -ASTRCODE=00h-01FFFh -ASTRING=00h-0FFhx32 -ACONST=00h-0FFhx32 \
  -AENTRY=00h-0FFhx32 -ACOMMON=070h-07Fh -ABANK0=020h-06Fh \
  -ABANK1=0A0h-0EFh -ABANK2=0110h-016Fh -ABANK3=0190h-01EFh \
  -ARAM=020h-06Fh,0A0h-0EFh,0110h-016Fh,0190h-01EFh \
  -AABS1=020h-07Fh,0A0h-0EFh,0110h-016Fh,0190h-01EFh -ASFR0=00h-01Fh \
  -ASFR1=080h-09Fh -ASFR2=0100h-010Fh -ASFR3=0180h-018Fh \
  -ACONFIG=02007h-02008h -DCONFIG=2 -AIDLOC=02000h-02003h -DIDLOC=2 \
  -AEEDATA=00h-0FFh/02100h -peeprom_data=EEDATA -DEEDATA=2 -DCODE=2 \
  -DSTRCODE=2 -DSTRING=2 -DCONST=2 -DENTRY=2 \
  -preset_vec=00h,intentry=04h,init,end_init -ppowerup=CODE -pcinit=CODE \
  -pfunctab=ENTRY -k C:\Users\FERNAN~1\AppData\Local\Temp\xcAsjnk.o \
  dist/default/production\LAB2.X.production.o 

Object code version is 3.11

Machine type is 16F887



                Name                               Link     Load   Length Selector   Space Scale
C:\Users\FERNAN~1\AppData\Local\Temp\xcAsjnk.o
                end_init                              C        C        3        8       0
                reset_vec                             0        0        3        0       0
                config                             2007     2007        2        0       4
dist/default/production\LAB2.X.production.o
                cinit                                 F        F       16        8       0
                intentry                              4        4        8        8       0
                config                             2007     2007        2        0       4
                text14                              2C0      2C0       C8        8       0
                text13                              3F1      3F1       69        8       0
                text12                              45A      45A       5B        8       0
                text11                              608      608       15        8       0
                text10                              548      548       2B        8       0
                text9                               5DC      5DC       17        8       0
                text8                               631      631        6      C62       0
                text7                               5C2      5C2       1A        8       0
                text6                               59C      59C       26        8       0
                text5                               5F3      5F3       15        8       0
                text4                               573      573       29        8       0
                text3                               388      388       69        8       0
                text2                               4B5      4B5       59        8       0
                text1                               50E      50E       3A        8       0
                maintext                             25       25      29B        8       0
                cstackBANK0                          20       20       14       20       1
                cstackCOMMON                         70       70        8       70       1
                bssBANK0                             34       34        D       20       1
                bssCOMMON                            78       78        3       70       1
                strings                             61D      61D       14      C3A       0

TOTAL           Name                               Link     Load   Length     Space
        CLASS   STACK          

        CLASS   CODE           
                end_init                              C        C        3         0
                cinit                                 F        F       16         0
                intentry                              4        4        8         0
                reset_vec                             0        0        3         0
                text14                              2C0      2C0       C8         0
                text13                              3F1      3F1       69         0
                text12                              45A      45A       5B         0
                text11                              608      608       15         0
                text10                              548      548       2B         0
                text9                               5DC      5DC       17         0
                text8                               631      631        6         0
                text7                               5C2      5C2       1A         0
                text6                               59C      59C       26         0
                text5                               5F3      5F3       15         0
                text4                               573      573       29         0
                text3                               388      388       69         0
                text2                               4B5      4B5       59         0
                text1                               50E      50E       3A         0
                maintext                             25       25      29B         0

        CLASS   STRCODE        

        CLASS   STRING         
                strings                             61D      61D       14         0

        CLASS   CONST          

        CLASS   ENTRY          

        CLASS   COMMON         
                cstackCOMMON                         70       70        8         1
                bssCOMMON                            78       78        3         1

        CLASS   BANK0          
                cstackBANK0                          20       20       14         1
                bssBANK0                             34       34        D         1

        CLASS   BANK1          

        CLASS   BANK2          

        CLASS   BANK3          

        CLASS   RAM            

        CLASS   ABS1           
                abs_s1                               7E       7E        2         1

        CLASS   SFR0           

        CLASS   SFR1           

        CLASS   SFR2           

        CLASS   SFR3           

        CLASS   CONFIG         
                config                             2007     2007        2         4

        CLASS   IDLOC          

        CLASS   EEDATA         



SEGMENTS        Name                           Load    Length   Top    Selector   Space  Class     Delta

                reset_vec                      000000  000003  000003         0       0  CODE        2
                intentry                       000004  000619  00061D         8       0  CODE        2
                cstackBANK0                    000020  000021  000041        20       1  BANK0       1
                cstackCOMMON                   000070  00000B  00007B        70       1  COMMON      1
                strings                        00061D  000014  000631       C3A       0  STRING      2
                text8                          000631  000006  000637       C62       0  CODE        2


UNUSED ADDRESS RANGES

        Name                Unused          Largest block    Delta
        BANK0            0041-006F             2F           1
        BANK1            00A0-00EF             50           1
        BANK2            0110-016F             60           1
        BANK3            0190-01EF             60           1
        CODE             0003-0003              1           2
                         0637-1FFF            800
        COMMON           007B-007D              3           1
        CONST            0003-0003              1           2
                         0637-1FFF            100
        EEDATA           2100-21FF            100           2
        ENTRY            0003-0003              1           2
                         0637-1FFF            100
        IDLOC            2000-2003              4           2
        RAM              0041-006F             2F           1
                         00A0-00EF             50
                         0110-016F             60
                         0190-01EF             60
        SFR0             0000-001F             20           1
        SFR1             0080-009F             20           1
        SFR2             0100-010F             10           1
        SFR3             0180-018F             10           1
        STACK            0110-016F             60           1
        STRCODE          0003-0003              1           2
                         0637-1FFF           19C9
        STRING           0003-0003              1           2
                         0637-1FFF            100

                                  Symbol Table

?___awdiv                cstackBANK0  0022
?___awmod                cstackCOMMON 0073
?___wmul                 cstackCOMMON 0073
LCD_cursor@a             cstackBANK0  0022
LCD_cursor@x             cstackBANK0  0021
LCD_cursor@y             cstackCOMMON 0077
LCD_set@x                cstackCOMMON 0076
LCDsetup@x               cstackCOMMON 0073
_ADCON0bits              (abs)        001F
_ADCON1bits              (abs)        009F
_ADC_START               text9        05DC
_ADC_read0               bssBANK0     0040
_ADC_read1               bssBANK0     003F
_ADIF                    (abs)        0066
_ADRESH                  (abs)        001E
_ANSEL                   (abs)        0188
_ANSELH                  (abs)        0189
_F                       bssCOMMON    0079
_INTCONbits              (abs)        000B
_IOCB                    (abs)        0096
_ISR                     text14       02C0
_LCD_cursor              text6        059C
_LCD_set                 text7        05C2
_LCDconfig               text3        0388
_LCDsetup                text8        0631
_OPTION_REGbits          (abs)        0081
_OSCCONbits              (abs)        008F
_PIE1bits                (abs)        008C
_PIR1bits                (abs)        000C
_PORTA                   (abs)        0005
_PORTB                   (abs)        0006
_PORTC                   (abs)        0007
_PORTD                   (abs)        0008
_PORTE                   (abs)        0009
_RB5                     (abs)        0035
_RCREG                   (abs)        001A
_RE0                     (abs)        0048
_RE1                     (abs)        0049
_TRISA                   (abs)        0085
_TRISB                   (abs)        0086
_TRISC                   (abs)        0087
_TRISD                   (abs)        0088
_TRISE                   (abs)        0089
_TXIF                    (abs)        0064
_TXREG                   (abs)        0019
_WPUB                    (abs)        0095
__Habs1                  abs1         0000
__Hbank0                 bank0        0000
__Hbank1                 bank1        0000
__Hbank2                 bank2        0000
__Hbank3                 bank3        0000
__HbssBANK0              bssBANK0     0000
__HbssCOMMON             bssCOMMON    0000
__Hcinit                 cinit        0025
__Hclrtext               clrtext      0000
__Hcode                  code         0000
__Hcommon                common       0000
__Hconfig                config       2009
__HcstackBANK0           cstackBANK0  0000
__HcstackCOMMON          cstackCOMMON 0000
__Heeprom_data           eeprom_data  0000
__Hend_init              end_init     000F
__Hfunctab               functab      0000
__Hinit                  init         000C
__Hintentry              intentry     000C
__Hmaintext              maintext     0000
__Hpowerup               powerup      0000
__Hram                   ram          0000
__Hreset_vec             reset_vec    0003
__Hsfr0                  sfr0         0000
__Hsfr1                  sfr1         0000
__Hsfr2                  sfr2         0000
__Hsfr3                  sfr3         0000
__Hspace_0               (abs)        0637
__Hspace_1               (abs)        007B
__Hspace_2               (abs)        0000
__Hspace_3               (abs)        0000
__Hspace_4               (abs)        4010
__Hstack                 stack        0000
__Hstrings               strings      0000
__Htext                  text         0000
__Labs1                  abs1         0000
__Lbank0                 bank0        0000
__Lbank1                 bank1        0000
__Lbank2                 bank2        0000
__Lbank3                 bank3        0000
__LbssBANK0              bssBANK0     0000
__LbssCOMMON             bssCOMMON    0000
__Lcinit                 cinit        000F
__Lclrtext               clrtext      0000
__Lcode                  code         0000
__Lcommon                common       0000
__Lconfig                config       0000
__LcstackBANK0           cstackBANK0  0000
__LcstackCOMMON          cstackCOMMON 0000
__Leeprom_data           eeprom_data  0000
__Lend_init              end_init     000C
__Lfunctab               functab      0000
__Linit                  init         000C
__Lintentry              intentry     0004
__Lmaintext              maintext     0000
__Lpowerup               powerup      0000
__Lram                   ram          0000
__Lreset_vec             reset_vec    0000
__Lsfr0                  sfr0         0000
__Lsfr1                  sfr1         0000
__Lsfr2                  sfr2         0000
__Lsfr3                  sfr3         0000
__Lspace_0               (abs)        0000
__Lspace_1               (abs)        0000
__Lspace_2               (abs)        0000
__Lspace_3               (abs)        0000
__Lspace_4               (abs)        0000
__Lstack                 stack        0000
__Lstrings               strings      0000
__Ltext                  text         0000
__S0                     (abs)        0637
__S1                     (abs)        007B
__S2                     (abs)        0000
__S3                     (abs)        0000
___awdiv                 text13       03F1
___awdiv@counter         cstackBANK0  0026
___awdiv@dividend        cstackBANK0  0024
___awdiv@divisor         cstackBANK0  0022
___awdiv@quotient        cstackBANK0  0028
___awdiv@sign            cstackBANK0  0027
___awmod                 text12       045A
___awmod@counter         cstackBANK0  0020
___awmod@dividend        cstackCOMMON 0075
___awmod@divisor         cstackCOMMON 0073
___awmod@sign            cstackBANK0  0021
___bmul                  text11       0608
___bmul@multiplicand     cstackCOMMON 0073
___bmul@multiplier       cstackCOMMON 0076
___bmul@product          cstackCOMMON 0075
___int_sp                stack        0000
___latbits               (abs)        0002
___sp                    stack        0000
___stackhi               (abs)        0000
___stacklo               (abs)        0000
___wmul                  text10       0548
___wmul@multiplicand     cstackCOMMON 0075
___wmul@multiplier       cstackCOMMON 0073
___wmul@product          cstackBANK0  0020
__end_of_ADC_START       text9        05F3
__end_of_ISR             text14       0388
__end_of_LCD_cursor      text6        05C2
__end_of_LCD_set         text7        05DC
__end_of_LCDconfig       text3        03F1
__end_of_LCDsetup        text8        0637
__end_of___awdiv         text13       045A
__end_of___awmod         text12       04B5
__end_of___bmul          text11       061D
__end_of___wmul          text10       0573
__end_of__initialization cinit        0021
__end_of__stringtab      strings      0623
__end_of_initCONFIG      text1        0548
__end_of_initLCD         text2        050E
__end_of_main            maintext     02C0
__end_of_wLCD            text5        0608
__end_of_wsLCD           text4        059C
__initialization         cinit        000F
__pbssBANK0              bssBANK0     0034
__pbssCOMMON             bssCOMMON    0078
__pcstackBANK0           cstackBANK0  0020
__pcstackCOMMON          cstackCOMMON 0070
__pintentry              intentry     0004
__pmaintext              maintext     0025
__pstrings               strings      061D
__ptext1                 text1        050E
__ptext10                text10       0548
__ptext11                text11       0608
__ptext12                text12       045A
__ptext13                text13       03F1
__ptext14                text14       02C0
__ptext2                 text2        04B5
__ptext3                 text3        0388
__ptext4                 text4        0573
__ptext5                 text5        05F3
__ptext6                 text6        059C
__ptext7                 text7        05C2
__ptext8                 text8        0631
__ptext9                 text9        05DC
__size_of_ADC_START      (abs)        0000
__size_of_ISR            (abs)        0000
__size_of_LCD_cursor     (abs)        0000
__size_of_LCD_set        (abs)        0000
__size_of_LCDconfig      (abs)        0000
__size_of_LCDsetup       (abs)        0000
__size_of___awdiv        (abs)        0000
__size_of___awmod        (abs)        0000
__size_of___bmul         (abs)        0000
__size_of___wmul         (abs)        0000
__size_of_initCONFIG     (abs)        0000
__size_of_initLCD        (abs)        0000
__size_of_main           (abs)        0000
__size_of_wLCD           (abs)        0000
__size_of_wsLCD          (abs)        0000
__stringbase             strings      0622
__stringtab              strings      061D
_cents                   bssBANK0     0037
_counter                 bssBANK0     003E
_dec0                    bssBANK0     003B
_dec1                    bssBANK0     003A
_dozen                   bssBANK0     0035
_f                       bssCOMMON    0078
_initCONFIG              text1        050E
_initLCD                 text2        04B5
_k0                      bssBANK0     0039
_k1                      bssBANK0     0038
_main                    maintext     0025
_main$990                cstackBANK0  0032
_temp                    bssCOMMON    007A
_temp1                   bssBANK0     0036
_unit0                   bssBANK0     003D
_unit1                   bssBANK0     003C
_unity                   bssBANK0     0034
_wLCD                    text5        05F3
_wsLCD                   text4        0573
btemp                    (abs)        007E
end_of_initialization    cinit        0021
interrupt_function       intentry     0004
intlevel0                functab      0000
intlevel1                functab      0000
intlevel2                functab      0000
intlevel3                functab      0000
intlevel4                functab      0000
intlevel5                functab      0000
reset_vec                reset_vec    0000
saved_w                  (abs)        007E
start                    init         000C
start_initialization     cinit        000F
wLCD@x                   cstackCOMMON 0075
wsLCD@i                  cstackBANK0  0020
wsLCD@x                  cstackBANK0  0022
wtemp0                   (abs)        007E


MODULE INFORMATION

Module		Function		Class		Link	Load	Size
C:\Program Files\Microchip\xc8\v2.32\pic\sources\c90\common\Umul8.c
		___bmul        		CODE           	0608	0000	21

C:\Program Files\Microchip\xc8\v2.32\pic\sources\c90\common\Umul8.c estimated size: 21

8bit_LCD.c
		_LCD_cursor    		CODE           	059C	0000	38
		_wsLCD         		CODE           	0573	0000	41
		_wLCD          		CODE           	05F3	0000	21
		_LCD_set       		CODE           	05C2	0000	26
		_LCDsetup      		CODE           	0631	0000	6
		_initLCD       		CODE           	04B5	0000	89

8bit_LCD.c estimated size: 221

newmain.c
		_ISR           		CODE           	02C0	0000	200
		_main          		CODE           	0025	0000	667
		_initCONFIG    		CODE           	050E	0000	58
		_LCDconfig     		CODE           	0388	0000	105

newmain.c estimated size: 1030

adc.c
		_ADC_START     		CODE           	05DC	0000	23

adc.c estimated size: 23

C:\Program Files\Microchip\xc8\v2.32\pic\sources\c90\common\awmod.c
		___awmod       		CODE           	045A	0000	91

C:\Program Files\Microchip\xc8\v2.32\pic\sources\c90\common\awmod.c estimated size: 91

shared
		__stringtab    		STRING         	061D	0000	6
		__initialization		CODE           	000F	0000	18

shared estimated size: 24

C:\Program Files\Microchip\xc8\v2.32\pic\sources\c90\common\awdiv.c
		___awdiv       		CODE           	03F1	0000	105

C:\Program Files\Microchip\xc8\v2.32\pic\sources\c90\common\awdiv.c estimated size: 105

C:\Program Files\Microchip\xc8\v2.32\pic\sources\c90\common\Umul16.c
		___wmul        		CODE           	0548	0000	43

C:\Program Files\Microchip\xc8\v2.32\pic\sources\c90\common\Umul16.c estimated size: 43

