Microchip MPLAB XC8 Compiler V2.32

Linker command line:

-W-3 --edf=C:\Program Files\Microchip\xc8\v2.32\pic\dat\en_msgs.txt -cn \
  -h+dist/default/production\LAB2_fix.X.production.sym \
  --cmf=dist/default/production\LAB2_fix.X.production.cmf -z -Q16F887 \
  -oC:\Users\FERNAN~1\AppData\Local\Temp\xcAsf4o.4 --defsym=__MPLAB_BUILD=1 \
  -Mdist/default/production/LAB2_fix.X.production.map -E1 -ver=XC8 Compiler \
  --acfsm=1493 -ASTACK=0110h-016Fh -pstack=STACK -ACODE=00h-07FFhx4 \
  -ASTRCODE=00h-01FFFh -ASTRING=00h-0FFhx32 -ACONST=00h-0FFhx32 \
  -AENTRY=00h-0FFhx32 -ACOMMON=070h-07Fh -ABANK0=020h-06Fh \
  -ABANK1=0A0h-0EFh -ABANK2=0110h-016Fh -ABANK3=0190h-01EFh \
  -ARAM=020h-06Fh,0A0h-0EFh,0110h-016Fh,0190h-01EFh \
  -AABS1=020h-07Fh,0A0h-0EFh,0110h-016Fh,0190h-01EFh -ASFR0=00h-01Fh \
  -ASFR1=080h-09Fh -ASFR2=0100h-010Fh -ASFR3=0180h-018Fh \
  -ACONFIG=02007h-02008h -DCONFIG=2 -AIDLOC=02000h-02003h -DIDLOC=2 \
  -AEEDATA=00h-0FFh/02100h -peeprom_data=EEDATA -DEEDATA=2 -DCODE=2 \
  -DSTRCODE=2 -DSTRING=2 -DCONST=2 -DENTRY=2 \
  -preset_vec=00h,intentry=04h,init,end_init -ppowerup=CODE -pcinit=CODE \
  -pfunctab=ENTRY -k C:\Users\FERNAN~1\AppData\Local\Temp\xcAsf4o.o \
  dist/default/production\LAB2_fix.X.production.o 

Object code version is 3.11

Machine type is 16F887



                Name                               Link     Load   Length Selector   Space Scale
C:\Users\FERNAN~1\AppData\Local\Temp\xcAsf4o.o
                end_init                              E        E        3        8       0
                reset_vec                             0        0        3        0       0
                config                             2007     2007        2        0       4
dist/default/production\LAB2_fix.X.production.o
                cinit                                11       11       17        8       0
                intentry                              4        4        A        8       0
                config                             2007     2007        2        0       4
                text16                              2F1      2F1       DD        8       0
                text15                              439      439       69        8       0
                text14                              508      508       5B        8       0
                text13                              644      644       17        8       0
                text12                              5C4      5C4       27        8       0
                text11                              69A      69A        C      D34       0
                text10                              6A6      6A6        6      D34       0
                text9                               611      611       1B        8       0
                text8                               5EB      5EB       26        8       0
                text7                               62C      62C       18        8       0
                text6                               59B      59B       29        8       0
                text5                               3CE      3CE       6B        8       0
                text4                               671      671       15        8       0
                text3                               4A2      4A2       66        8       0
                text2                               65B      65B       16        8       0
                text1                               563      563       38        8       0
                maintext                             28       28      2C9        8       0
                cstackBANK0                          20       20       18       20       1
                cstackCOMMON                         70       70        6       70       1
                bssBANK0                             38       38        E       20       1
                bssCOMMON                            76       76        3       70       1
                strings                             686      686       14      D0C       0

TOTAL           Name                               Link     Load   Length     Space
        CLASS   STACK          

        CLASS   CODE           
                end_init                              E        E        3         0
                cinit                                11       11       17         0
                intentry                              4        4        A         0
                reset_vec                             0        0        3         0
                text16                              2F1      2F1       DD         0
                text15                              439      439       69         0
                text14                              508      508       5B         0
                text13                              644      644       17         0
                text12                              5C4      5C4       27         0
                text11                              69A      69A        C         0
                text10                              6A6      6A6        6         0
                text9                               611      611       1B         0
                text8                               5EB      5EB       26         0
                text7                               62C      62C       18         0
                text6                               59B      59B       29         0
                text5                               3CE      3CE       6B         0
                text4                               671      671       15         0
                text3                               4A2      4A2       66         0
                text2                               65B      65B       16         0
                text1                               563      563       38         0
                maintext                             28       28      2C9         0

        CLASS   STRCODE        

        CLASS   STRING         
                strings                             686      686       14         0

        CLASS   CONST          

        CLASS   ENTRY          

        CLASS   COMMON         
                cstackCOMMON                         70       70        6         1
                bssCOMMON                            76       76        3         1

        CLASS   BANK0          
                cstackBANK0                          20       20       18         1
                bssBANK0                             38       38        E         1

        CLASS   BANK1          

        CLASS   BANK2          

        CLASS   BANK3          

        CLASS   RAM            

        CLASS   ABS1           
                abs_s1                               7E       7E        2         1

        CLASS   SFR0           

        CLASS   SFR1           

        CLASS   SFR2           

        CLASS   SFR3           

        CLASS   CONFIG         
                config                             2007     2007        2         4

        CLASS   IDLOC          

        CLASS   EEDATA         



SEGMENTS        Name                           Load    Length   Top    Selector   Space  Class     Delta

                reset_vec                      000000  000003  000003         0       0  CODE        2
                intentry                       000004  000682  000686         8       0  CODE        2
                cstackBANK0                    000020  000026  000046        20       1  BANK0       1
                cstackCOMMON                   000070  000009  000079        70       1  COMMON      1
                strings                        000686  000014  00069A       D0C       0  STRING      2
                text11                         00069A  000012  0006AC       D34       0  CODE        2


UNUSED ADDRESS RANGES

        Name                Unused          Largest block    Delta
        BANK0            0046-006F             2A           1
        BANK1            00A0-00EF             50           1
        BANK2            0110-016F             60           1
        BANK3            0190-01EF             60           1
        CODE             0003-0003              1           2
                         06AC-1FFF            800
        COMMON           0079-007D              5           1
        CONST            0003-0003              1           2
                         06AC-1FFF            100
        EEDATA           2100-21FF            100           2
        ENTRY            0003-0003              1           2
                         06AC-1FFF            100
        IDLOC            2000-2003              4           2
        RAM              0046-006F             2A           1
                         00A0-00EF             50
                         0110-016F             60
                         0190-01EF             60
        SFR0             0000-001F             20           1
        SFR1             0080-009F             20           1
        SFR2             0100-010F             10           1
        SFR3             0180-018F             10           1
        STACK            0110-016F             60           1
        STRCODE          0003-0003              1           2
                         06AC-1FFF           1954
        STRING           0003-0003              1           2
                         06AC-1FFF            100

                                  Symbol Table

?___awdiv                cstackBANK0  0026
?___awmod                cstackBANK0  0020
?___wmul                 cstackBANK0  0020
LCDsetup@x               cstackCOMMON 0075
_ADCON0bits              (abs)        001F
_ADCON1bits              (abs)        009F
_ADIF                    (abs)        0066
_ADRESH                  (abs)        001E
_ANSEL                   (abs)        0188
_ANSELH                  (abs)        0189
_BAUDCTLbits             (abs)        0187
_F0                      bssCOMMON    0076
_F1                      bssCOMMON    0077
_INTCONbits              (abs)        000B
_LCD_display             text5        03CE
_LCDsetup                text10       06A6
_OPTION_REGbits          (abs)        0081
_OSCCONbits              (abs)        008F
_PIE1bits                (abs)        008C
_PIR1bits                (abs)        000C
_PORTA                   (abs)        0005
_PORTC                   (abs)        0007
_PORTD                   (abs)        0008
_PORTE                   (abs)        0009
_RB5                     (abs)        0035
_RCREG                   (abs)        001A
_RCSTAbits               (abs)        0018
_RE0                     (abs)        0048
_RE1                     (abs)        0049
_SPBRG                   (abs)        0099
_SPBRGH                  (abs)        009A
_TMR0                    (abs)        0001
_TRISA                   (abs)        0085
_TRISC                   (abs)        0087
_TRISD                   (abs)        0088
_TRISE                   (abs)        0089
_TXIE                    (abs)        0464
_TXIF                    (abs)        0064
_TXREG                   (abs)        0019
_TXSTAbits               (abs)        0098
_UARTs                   text4        0671
__Habs1                  abs1         0000
__Hbank0                 bank0        0000
__Hbank1                 bank1        0000
__Hbank2                 bank2        0000
__Hbank3                 bank3        0000
__HbssBANK0              bssBANK0     0000
__HbssCOMMON             bssCOMMON    0000
__Hcinit                 cinit        0028
__Hclrtext               clrtext      0000
__Hcode                  code         0000
__Hcommon                common       0000
__Hconfig                config       2009
__HcstackBANK0           cstackBANK0  0000
__HcstackCOMMON          cstackCOMMON 0000
__Heeprom_data           eeprom_data  0000
__Hend_init              end_init     0011
__Hfunctab               functab      0000
__Hinit                  init         000E
__Hintentry              intentry     000E
__Hmaintext              maintext     0000
__Hpowerup               powerup      0000
__Hram                   ram          0000
__Hreset_vec             reset_vec    0003
__Hsfr0                  sfr0         0000
__Hsfr1                  sfr1         0000
__Hsfr2                  sfr2         0000
__Hsfr3                  sfr3         0000
__Hspace_0               (abs)        06AC
__Hspace_1               (abs)        0079
__Hspace_2               (abs)        0000
__Hspace_3               (abs)        0000
__Hspace_4               (abs)        4010
__Hstack                 stack        0000
__Hstrings               strings      0000
__Htext                  text         0000
__Labs1                  abs1         0000
__Lbank0                 bank0        0000
__Lbank1                 bank1        0000
__Lbank2                 bank2        0000
__Lbank3                 bank3        0000
__LbssBANK0              bssBANK0     0000
__LbssCOMMON             bssCOMMON    0000
__Lcinit                 cinit        0011
__Lclrtext               clrtext      0000
__Lcode                  code         0000
__Lcommon                common       0000
__Lconfig                config       0000
__LcstackBANK0           cstackBANK0  0000
__LcstackCOMMON          cstackCOMMON 0000
__Leeprom_data           eeprom_data  0000
__Lend_init              end_init     000E
__Lfunctab               functab      0000
__Linit                  init         000E
__Lintentry              intentry     0004
__Lmaintext              maintext     0000
__Lpowerup               powerup      0000
__Lram                   ram          0000
__Lreset_vec             reset_vec    0000
__Lsfr0                  sfr0         0000
__Lsfr1                  sfr1         0000
__Lsfr2                  sfr2         0000
__Lsfr3                  sfr3         0000
__Lspace_0               (abs)        0000
__Lspace_1               (abs)        0000
__Lspace_2               (abs)        0000
__Lspace_3               (abs)        0000
__Lspace_4               (abs)        0000
__Lstack                 stack        0000
__Lstrings               strings      0000
__Ltext                  text         0000
__S0                     (abs)        06AC
__S1                     (abs)        0079
__S2                     (abs)        0000
__S3                     (abs)        0000
___awdiv                 text15       0439
___awdiv@counter         cstackBANK0  002A
___awdiv@dividend        cstackBANK0  0028
___awdiv@divisor         cstackBANK0  0026
___awdiv@quotient        cstackBANK0  002C
___awdiv@sign            cstackBANK0  002B
___awmod                 text14       0508
___awmod@counter         cstackBANK0  0024
___awmod@dividend        cstackBANK0  0022
___awmod@divisor         cstackBANK0  0020
___awmod@sign            cstackBANK0  0025
___bmul                  text13       0644
___bmul@multiplicand     cstackCOMMON 0075
___bmul@multiplier       cstackBANK0  0022
___bmul@product          cstackBANK0  0021
___int_sp                stack        0000
___latbits               (abs)        0002
___sp                    stack        0000
___stackhi               (abs)        0000
___stacklo               (abs)        0000
___wmul                  text12       05C4
___wmul@multiplicand     cstackBANK0  0022
___wmul@multiplier       cstackBANK0  0020
___wmul@product          cstackBANK0  0024
__end_of_LCD_display     text5        0439
__end_of_LCDsetup        text10       06AC
__end_of_UARTs           text4        0686
__end_of___awdiv         text15       04A2
__end_of___awmod         text14       0563
__end_of___bmul          text13       065B
__end_of___wmul          text12       05EB
__end_of__initialization cinit        0024
__end_of__stringtab      strings      068C
__end_of_configTMR0      text11       06A6
__end_of_cursorLCD       text8        0611
__end_of_enableLCD       text9        062C
__end_of_initCONFIG      text1        059B
__end_of_initLCD         text3        0508
__end_of_isr             text16       03CE
__end_of_main            maintext     02F1
__end_of_setupADC        text2        0671
__end_of_wLCD            text7        0644
__end_of_wsLCD           text6        05C4
__initialization         cinit        0011
__pbssBANK0              bssBANK0     0038
__pbssCOMMON             bssCOMMON    0076
__pcstackBANK0           cstackBANK0  0020
__pcstackCOMMON          cstackCOMMON 0070
__pintentry              intentry     0004
__pmaintext              maintext     0028
__pstrings               strings      0686
__ptext1                 text1        0563
__ptext10                text10       06A6
__ptext11                text11       069A
__ptext12                text12       05C4
__ptext13                text13       0644
__ptext14                text14       0508
__ptext15                text15       0439
__ptext16                text16       02F1
__ptext2                 text2        065B
__ptext3                 text3        04A2
__ptext4                 text4        0671
__ptext5                 text5        03CE
__ptext6                 text6        059B
__ptext7                 text7        062C
__ptext8                 text8        05EB
__ptext9                 text9        0611
__size_of_LCD_display    (abs)        0000
__size_of_LCDsetup       (abs)        0000
__size_of_UARTs          (abs)        0000
__size_of___awdiv        (abs)        0000
__size_of___awmod        (abs)        0000
__size_of___bmul         (abs)        0000
__size_of___wmul         (abs)        0000
__size_of_configTMR0     (abs)        0000
__size_of_cursorLCD      (abs)        0000
__size_of_enableLCD      (abs)        0000
__size_of_initCONFIG     (abs)        0000
__size_of_initLCD        (abs)        0000
__size_of_isr            (abs)        0000
__size_of_main           (abs)        0000
__size_of_setupADC       (abs)        0000
__size_of_wLCD           (abs)        0000
__size_of_wsLCD          (abs)        0000
__stringbase             strings      068B
__stringtab              strings      0686
_c                       bssBANK0     0044
_configTMR0              text11       069A
_counter                 bssBANK0     0045
_cursorLCD               text8        05EB
_decimal                 bssBANK0     003D
_decimal0                bssBANK0     003C
_dozens                  bssBANK0     0039
_enableLCD               text9        0611
_hundreds                bssBANK0     003F
_initCONFIG              text1        0563
_initLCD                 text3        04A2
_isr                     text16       02F1
_k0                      bssBANK0     0040
_k1                      bssBANK0     0041
_main                    maintext     0028
_main$1127               cstackBANK0  0036
_setupADC                text2        065B
_t                       bssBANK0     003A
_temp_read               bssCOMMON    0078
_unit                    bssBANK0     003E
_unit_1                  bssBANK0     003B
_unity                   bssBANK0     0038
_var0                    bssBANK0     0043
_var1                    bssBANK0     0042
_wLCD                    text7        062C
_wsLCD                   text6        059B
btemp                    (abs)        007E
cursorLCD@t              cstackBANK0  0026
cursorLCD@x              cstackBANK0  0025
cursorLCD@y              cstackBANK0  0023
enableLCD@x              cstackBANK0  0022
end_of_initialization    cinit        0024
interrupt_function       intentry     0004
intlevel0                functab      0000
intlevel1                functab      0000
intlevel2                functab      0000
intlevel3                functab      0000
intlevel4                functab      0000
intlevel5                functab      0000
reset_vec                reset_vec    0000
saved_w                  (abs)        007E
start                    init         000E
start_initialization     cinit        0011
wLCD@x                   cstackBANK0  0021
wsLCD@i                  cstackBANK0  0022
wsLCD@x                  cstackBANK0  0024
wtemp0                   (abs)        007E


MODULE INFORMATION

Module		Function		Class		Link	Load	Size
C:\Program Files\Microchip\xc8\v2.32\pic\sources\c90\common\Umul8.c
		___bmul        		CODE           	0644	0000	23

C:\Program Files\Microchip\xc8\v2.32\pic\sources\c90\common\Umul8.c estimated size: 23

UART.c
		_UARTs         		CODE           	0671	0000	21

UART.c estimated size: 21

LCD8bits.c
		_cursorLCD     		CODE           	05EB	0000	38
		_wsLCD         		CODE           	059B	0000	41
		_wLCD          		CODE           	062C	0000	24
		_enableLCD     		CODE           	0611	0000	27
		_LCDsetup      		CODE           	06A6	0000	6
		_initLCD       		CODE           	04A2	0000	102

LCD8bits.c estimated size: 238

C:\Program Files\Microchip\xc8\v2.32\pic\sources\c90\common\awmod.c
		___awmod       		CODE           	0508	0000	91

C:\Program Files\Microchip\xc8\v2.32\pic\sources\c90\common\awmod.c estimated size: 91

shared
		__stringtab    		STRING         	0686	0000	6
		__initialization		CODE           	0011	0000	19

shared estimated size: 25

ADC.c
		_setupADC      		CODE           	065B	0000	22

ADC.c estimated size: 22

C:\Program Files\Microchip\xc8\v2.32\pic\sources\c90\common\awdiv.c
		___awdiv       		CODE           	0439	0000	105

C:\Program Files\Microchip\xc8\v2.32\pic\sources\c90\common\awdiv.c estimated size: 105

C:\Program Files\Microchip\xc8\v2.32\pic\sources\c90\common\Umul16.c
		___wmul        		CODE           	05C4	0000	39

C:\Program Files\Microchip\xc8\v2.32\pic\sources\c90\common\Umul16.c estimated size: 39

main.c
		_main          		CODE           	0028	0000	713
		_configTMR0    		CODE           	069A	0000	12
		_initCONFIG    		CODE           	0563	0000	56
		_isr           		CODE           	02F1	0000	221
		_LCD_display   		CODE           	03CE	0000	107

main.c estimated size: 1109

